// Jest Snapshot v1, https://goo.gl/fbAQLP

exports[`renders Section unchanged 1`] = `
<div>
  <div
    class="container lg:grid grid-cols-2 items-center lg:gap-8 py-8 justify-between "
    data-testid="section"
  >
    <div>
      <h3
        class="font-bold leading-normal mb-4 first-letter:capitalize"
      >
        rock paper scissors
      </h3>
      <ul
        class="flex flex-wrap gap-3 items-center mb-4"
      >
        <li
          class="whitespace-nowrap px-4 py-2 border-dotted rounded-md border-[currentColor] border text-sm sm:text-lg"
        >
          react
        </li>
        <li
          class="whitespace-nowrap px-4 py-2 border-dotted rounded-md border-[currentColor] border text-sm sm:text-lg"
        >
          mui
        </li>
        <li
          class="whitespace-nowrap px-4 py-2 border-dotted rounded-md border-[currentColor] border text-sm sm:text-lg"
        >
          ts
        </li>
        <li
          class="whitespace-nowrap px-4 py-2 border-dotted rounded-md border-[currentColor] border text-sm sm:text-lg"
        >
          unit testing
        </li>
      </ul>
      <a
        class="text-sm sm:text-lg"
        href="https://github.com/DenKuznets/rock-paper-scissors"
      >
        Github
      </a>
       
      |
       
      <a
        class="text-sm sm:text-lg"
        href="https://rock-paper-scissors-kappa-tawny.vercel.app/"
      >
        Demo
      </a>
      <a
        class="hover:outline-[currentColor] text-inherit hover:outline-1 hover:outline outline-none text-sm sm:text-lg border-none transition-all flex w-fit items-center rounded-2xl px-8 sm:px-10 py-4 sm:py-5 [&>svg]:hover:rotate-45 [&>svg]:ml-2  [&>svg]:transition-all 
            mt-4 mb-4 lg:mb-0 hover:outline-inherit"
        href="/allworks/1"
      >
        Подробнее
        <svg
          class="fill-current"
          height="30px"
          style="stroke: currentColor;"
          viewBox="0 0 24 24"
          width="30px"
          xmlns="http://www.w3.org/2000/svg"
        >
          <path
            d="M7 17L17 7M17 7H8M17 7V16"
            stroke-linecap="round"
            stroke-linejoin="round"
            stroke-width="2"
          />
        </svg>
      </a>
    </div>
    <a
      class="relative mt-8 lg:mt-0"
      href="/allworks/1"
    >
      <img
        alt="rock paper scissors project image"
        class="filter-none shadow-2xl hover:saturate-150 transition-all duration-300"
        data-nimg="1"
        decoding="async"
        height="600"
        loading="lazy"
        src="/_next/image?url=%2Fimages%2Fworks-preview%2Frpc.webp&w=1920&q=75"
        srcset="/_next/image?url=%2Fimages%2Fworks-preview%2Frpc.webp&w=828&q=75 1x, /_next/image?url=%2Fimages%2Fworks-preview%2Frpc.webp&w=1920&q=75 2x"
        style="color: transparent;"
        width="800"
      />
    </a>
  </div>
</div>
`;
