// Jest Snapshot v1, https://goo.gl/fbAQLP

exports[`renders ProjectCard unchanged 1`] = `
<div>
  <a
    class="container [&>img]:hover:blur-xl shadow border-2 border-zinc-900 rounded block max-w-sm min-h-[30rem] relative "
    href="/allworks/1"
  >
    <img
      alt="ROCK PAPER SCISSORS project image"
      class="transition-all duration-300 blur-sm object-cover"
      data-nimg="fill"
      decoding="async"
      loading="lazy"
      sizes="100vw"
      src="/_next/image?url=%2Fimages%2Fworks-preview%2Frpc.webp&w=3840&q=75"
      srcset="/_next/image?url=%2Fimages%2Fworks-preview%2Frpc.webp&w=640&q=75 640w, /_next/image?url=%2Fimages%2Fworks-preview%2Frpc.webp&w=750&q=75 750w, /_next/image?url=%2Fimages%2Fworks-preview%2Frpc.webp&w=828&q=75 828w, /_next/image?url=%2Fimages%2Fworks-preview%2Frpc.webp&w=1080&q=75 1080w, /_next/image?url=%2Fimages%2Fworks-preview%2Frpc.webp&w=1200&q=75 1200w, /_next/image?url=%2Fimages%2Fworks-preview%2Frpc.webp&w=1920&q=75 1920w, /_next/image?url=%2Fimages%2Fworks-preview%2Frpc.webp&w=2048&q=75 2048w, /_next/image?url=%2Fimages%2Fworks-preview%2Frpc.webp&w=3840&q=75 3840w"
      style="position: absolute; height: 100%; width: 100%; left: 0px; top: 0px; right: 0px; bottom: 0px; color: transparent;"
    />
    <h4
      class="shadow-xl font-bold text-white p-4 absolute top-0 left-0 bg-zinc-900/[.75] w-full"
    >
      ROCK PAPER SCISSORS
    </h4>
    <ul
      class="absolute bottom-0 left-0 flex px-4 flex-wrap gap-3 items-center mb-4"
    >
      <li
        class="whitespace-nowrap px-4 py-2 border-dotted rounded-md border-white text-white bg-zinc-900/[.75] border"
      >
        react
      </li>
      <li
        class="whitespace-nowrap px-4 py-2 border-dotted rounded-md border-white text-white bg-zinc-900/[.75] border"
      >
        mui
      </li>
      <li
        class="whitespace-nowrap px-4 py-2 border-dotted rounded-md border-white text-white bg-zinc-900/[.75] border"
      >
        ts
      </li>
      <li
        class="whitespace-nowrap px-4 py-2 border-dotted rounded-md border-white text-white bg-zinc-900/[.75] border"
      >
        unit testing
      </li>
    </ul>
  </a>
</div>
`;
